2026-07-17 04:47:25.249 | TRACE    | utility.custom_logger:<module>:20 - Trace logs
2026-07-17 04:47:25.250 | DEBUG    | utility.custom_logger:<module>:21 - Debug
2026-07-17 04:47:25.250 | INFO     | utility.custom_logger:<module>:22 - Info logs
2026-07-17 04:47:25.250 | ERROR    | utility.custom_logger:<module>:23 - Error
2026-07-17 04:47:25.250 | CRITICAL | utility.custom_logger:<module>:24 - Critical
2026-07-17 04:47:25.250 | INFO     | __main__:<module>:41 - found 83 tickers
2026-07-17 04:47:42.717 | INFO     | __main__:one_time_load:50 - empty TMLCV.NS
2026-07-17 04:47:50.695 | INFO     | __main__:one_time_load:50 - empty MATIC-USD
2026-07-17 04:47:51.264 | INFO     | __main__:one_time_load:50 - empty UNI-USD
2026-07-17 04:47:51.536 | INFO     | __main__:one_time_load:66 - hostorical data(21539, 10)
2026-07-17 04:47:51.544 | INFO     | __main__:one_time_load:70 - wrote once file
2026-07-17 04:47:51.546 | INFO     | __main__:<module>:110 -  ingestion successful.
2026-07-17 04:48:19.309 | TRACE    | utility.custom_logger:<module>:20 - Trace logs
2026-07-17 04:48:19.309 | DEBUG    | utility.custom_logger:<module>:21 - Debug
2026-07-17 04:48:19.309 | INFO     | utility.custom_logger:<module>:22 - Info logs
2026-07-17 04:48:19.309 | ERROR    | utility.custom_logger:<module>:23 - Error
2026-07-17 04:48:19.309 | CRITICAL | utility.custom_logger:<module>:24 - Critical
2026-07-17 04:48:19.310 | INFO     | __main__:<module>:20 - ref config
2026-07-17 04:48:19.311 | INFO     | __main__:one_time:48 - started once
2026-07-17 04:48:19.316 | INFO     | __main__:one_time:56 - bucket already exists bronze
2026-07-17 04:48:19.322 | INFO     | __main__:one_time:64 - freed bronze
2026-07-17 04:48:19.323 | INFO     | __main__:<module>:71 - minio upload script successfull.
2026-07-17 04:48:46.361 | TRACE    | utility.custom_logger:<module>:20 - Trace logs
2026-07-17 04:48:46.361 | DEBUG    | utility.custom_logger:<module>:21 - Debug
2026-07-17 04:48:46.361 | INFO     | utility.custom_logger:<module>:22 - Info logs
2026-07-17 04:48:46.361 | ERROR    | utility.custom_logger:<module>:23 - Error
2026-07-17 04:48:46.361 | CRITICAL | utility.custom_logger:<module>:24 - Critical
2026-07-17 04:48:46.362 | INFO     | __main__:<module>:21 - load config from /home/krish/NSE_pulse/config.ini
2026-07-17 04:48:46.364 | INFO     | __main__:once:40 - started once
2026-07-17 04:48:46.381 | ERROR    | __main__:<module>:124 - load clickhouse failed due to an error: Received ClickHouse exception, code: 516, server response: Code: 516. DB::Exception: default: Authentication failed: password is incorrect, or there is no user with such name.

If you have installed ClickHouse and forgot password you can reset it in the configuration file.
The password for default user is typically located at /etc/clickhouse-server/users.d/default-password.xml
and deleting this file will reset the password.
See also /etc/clickhouse-server/users.xml on the server where ClickHouse is installed.

. (AUTHENTICATION_FAILED) (version 24.1.8.22 (official build)) (for url http://localhost:8123)
Traceback (most recent call last):

> File "/home/krish/NSE_pulse/scripts/load_clickhouse.py", line 121, in <module>
    once()
    └ <function once at 0x7fc80312f5e0>

  File "/home/krish/NSE_pulse/scripts/load_clickhouse.py", line 43, in once
    client = clickhouse_connect.get_client(
             │                  └ <function create_client at 0x7fc801aadb10>
             └ <module 'clickhouse_connect' from '/home/krish/NSE_pulse/.venv/lib64/python3.14/site-packages/clickhouse_connect/__init__.py'>

  File "/home/krish/NSE_pulse/.venv/lib64/python3.14/site-packages/clickhouse_connect/driver/__init__.py", line 223, in create_client
    return HttpClient(
           └ <class 'clickhouse_connect.driver.httpclient.HttpClient'>
  File "/home/krish/NSE_pulse/.venv/lib64/python3.14/site-packages/clickhouse_connect/driver/httpclient.py", line 216, in __init__
    super().__init__(
  File "/home/krish/NSE_pulse/.venv/lib64/python3.14/site-packages/clickhouse_connect/driver/client.py", line 192, in __init__
    self._init_common_settings(resolved_tz_source)
    │    │                     └ 'auto'
    │    └ <function Client._init_common_settings at 0x7fc8020b6400>
    └ <clickhouse_connect.driver.httpclient.HttpClient object at 0x7fc801b11e80>
  File "/home/krish/NSE_pulse/.venv/lib64/python3.14/site-packages/clickhouse_connect/driver/client.py", line 199, in _init_common_settings
    self.server_version, server_tz = tuple(self.command("SELECT version(), timezone()", use_database=False))
    │    │                                 │    └ <function HttpClient.command at 0x7fc801aac670>
    │    │                                 └ <clickhouse_connect.driver.httpclient.HttpClient object at 0x7fc801b11e80>
    │    └ None
    └ <clickhouse_connect.driver.httpclient.HttpClient object at 0x7fc801b11e80>
  File "/home/krish/NSE_pulse/.venv/lib64/python3.14/site-packages/clickhouse_connect/driver/httpclient.py", line 486, in command
    response = self._raw_request(payload, params, headers, method, fields=fields, server_wait=False)
               │    │            │        │       │        │              └ None
               │    │            │        │       │        └ 'POST'
               │    │            │        │       └ {}
               │    │            │        └ {}
               │    │            └ 'SELECT version(), timezone()'
               │    └ <function HttpClient._raw_request at 0x7fc801aac930>
               └ <clickhouse_connect.driver.httpclient.HttpClient object at 0x7fc801b11e80>
  File "/home/krish/NSE_pulse/.venv/lib64/python3.14/site-packages/clickhouse_connect/driver/httpclient.py", line 645, in _raw_request
    self._error_handler(response)
    │    │              └ <urllib3.response.HTTPResponse object at 0x7fc801e62c80>
    │    └ <function HttpClient._error_handler at 0x7fc801aac7d0>
    └ <clickhouse_connect.driver.httpclient.HttpClient object at 0x7fc801b11e80>
  File "/home/krish/NSE_pulse/.venv/lib64/python3.14/site-packages/clickhouse_connect/driver/httpclient.py", line 537, in _error_handler
    raise err_type(err_str, code=code, name=name) from None
          │        │             │          └ 'AUTHENTICATION_FAILED'
          │        │             └ 516
          │        └ 'Received ClickHouse exception, code: 516, server response: Code: 516. DB::Exception: default: Authentication failed: passwor...
          └ <class 'clickhouse_connect.driver.exceptions.DatabaseError'>

clickhouse_connect.driver.exceptions.DatabaseError: Received ClickHouse exception, code: 516, server response: Code: 516. DB::Exception: default: Authentication failed: password is incorrect, or there is no user with such name.

If you have installed ClickHouse and forgot password you can reset it in the configuration file.
The password for default user is typically located at /etc/clickhouse-server/users.d/default-password.xml
and deleting this file will reset the password.
See also /etc/clickhouse-server/users.xml on the server where ClickHouse is installed.

. (AUTHENTICATION_FAILED) (version 24.1.8.22 (official build)) (for url http://localhost:8123)
2026-07-17 04:50:57.239 | TRACE    | utility.custom_logger:<module>:20 - Trace logs
2026-07-17 04:50:57.239 | DEBUG    | utility.custom_logger:<module>:21 - Debug
2026-07-17 04:50:57.239 | INFO     | utility.custom_logger:<module>:22 - Info logs
2026-07-17 04:50:57.239 | ERROR    | utility.custom_logger:<module>:23 - Error
2026-07-17 04:50:57.239 | CRITICAL | utility.custom_logger:<module>:24 - Critical
2026-07-17 04:50:57.240 | INFO     | __main__:<module>:21 - load config from /home/krish/NSE_pulse/config.ini
2026-07-17 04:50:57.242 | INFO     | __main__:once:40 - started once
2026-07-17 04:50:57.245 | ERROR    | __main__:<module>:124 - load clickhouse failed due to an error: Received ClickHouse exception, code: 516, server response: Code: 516. DB::Exception: None: Authentication failed: password is incorrect, or there is no user with such name. (AUTHENTICATION_FAILED) (version 24.1.8.22 (official build)) (for url http://localhost:8123)
Traceback (most recent call last):

> File "/home/krish/NSE_pulse/scripts/load_clickhouse.py", line 121, in <module>
    once()
    └ <function once at 0x7fa0d412f5e0>

  File "/home/krish/NSE_pulse/scripts/load_clickhouse.py", line 43, in once
    client = clickhouse_connect.get_client(
             │                  └ <function create_client at 0x7fa0d2a59a60>
             └ <module 'clickhouse_connect' from '/home/krish/NSE_pulse/.venv/lib64/python3.14/site-packages/clickhouse_connect/__init__.py'>

  File "/home/krish/NSE_pulse/.venv/lib64/python3.14/site-packages/clickhouse_connect/driver/__init__.py", line 223, in create_client
    return HttpClient(
           └ <class 'clickhouse_connect.driver.httpclient.HttpClient'>
  File "/home/krish/NSE_pulse/.venv/lib64/python3.14/site-packages/clickhouse_connect/driver/httpclient.py", line 216, in __init__
    super().__init__(
  File "/home/krish/NSE_pulse/.venv/lib64/python3.14/site-packages/clickhouse_connect/driver/client.py", line 192, in __init__
    self._init_common_settings(resolved_tz_source)
    │    │                     └ 'auto'
    │    └ <function Client._init_common_settings at 0x7fa0d307a350>
    └ <clickhouse_connect.driver.httpclient.HttpClient object at 0x7fa0d2ab5e80>
  File "/home/krish/NSE_pulse/.venv/lib64/python3.14/site-packages/clickhouse_connect/driver/client.py", line 199, in _init_common_settings
    self.server_version, server_tz = tuple(self.command("SELECT version(), timezone()", use_database=False))
    │    │                                 │    └ <function HttpClient.command at 0x7fa0d2a585c0>
    │    │                                 └ <clickhouse_connect.driver.httpclient.HttpClient object at 0x7fa0d2ab5e80>
    │    └ None
    └ <clickhouse_connect.driver.httpclient.HttpClient object at 0x7fa0d2ab5e80>
  File "/home/krish/NSE_pulse/.venv/lib64/python3.14/site-packages/clickhouse_connect/driver/httpclient.py", line 486, in command
    response = self._raw_request(payload, params, headers, method, fields=fields, server_wait=False)
               │    │            │        │       │        │              └ None
               │    │            │        │       │        └ 'POST'
               │    │            │        │       └ {}
               │    │            │        └ {}
               │    │            └ 'SELECT version(), timezone()'
               │    └ <function HttpClient._raw_request at 0x7fa0d2a58880>
               └ <clickhouse_connect.driver.httpclient.HttpClient object at 0x7fa0d2ab5e80>
  File "/home/krish/NSE_pulse/.venv/lib64/python3.14/site-packages/clickhouse_connect/driver/httpclient.py", line 645, in _raw_request
    self._error_handler(response)
    │    │              └ <urllib3.response.HTTPResponse object at 0x7fa0d39a5a50>
    │    └ <function HttpClient._error_handler at 0x7fa0d2a58720>
    └ <clickhouse_connect.driver.httpclient.HttpClient object at 0x7fa0d2ab5e80>
  File "/home/krish/NSE_pulse/.venv/lib64/python3.14/site-packages/clickhouse_connect/driver/httpclient.py", line 537, in _error_handler
    raise err_type(err_str, code=code, name=name) from None
          │        │             │          └ 'AUTHENTICATION_FAILED'
          │        │             └ 516
          │        └ 'Received ClickHouse exception, code: 516, server response: Code: 516. DB::Exception: None: Authentication failed: password i...
          └ <class 'clickhouse_connect.driver.exceptions.DatabaseError'>

clickhouse_connect.driver.exceptions.DatabaseError: Received ClickHouse exception, code: 516, server response: Code: 516. DB::Exception: None: Authentication failed: password is incorrect, or there is no user with such name. (AUTHENTICATION_FAILED) (version 24.1.8.22 (official build)) (for url http://localhost:8123)
2026-07-17 04:51:47.513 | TRACE    | utility.custom_logger:<module>:20 - Trace logs
2026-07-17 04:51:47.514 | DEBUG    | utility.custom_logger:<module>:21 - Debug
2026-07-17 04:51:47.514 | INFO     | utility.custom_logger:<module>:22 - Info logs
2026-07-17 04:51:47.514 | ERROR    | utility.custom_logger:<module>:23 - Error
2026-07-17 04:51:47.514 | CRITICAL | utility.custom_logger:<module>:24 - Critical
2026-07-17 04:51:47.515 | INFO     | __main__:<module>:21 - load config from /home/krish/NSE_pulse/config.ini
2026-07-17 04:51:47.517 | INFO     | __main__:once:40 - started once
2026-07-17 04:51:47.519 | ERROR    | __main__:<module>:124 - load clickhouse failed due to an error: Received ClickHouse exception, code: 516, server response: Code: 516. DB::Exception: default: Authentication failed: password is incorrect, or there is no user with such name.

If you have installed ClickHouse and forgot password you can reset it in the configuration file.
The password for default user is typically located at /etc/clickhouse-server/users.d/default-password.xml
and deleting this file will reset the password.
See also /etc/clickhouse-server/users.xml on the server where ClickHouse is installed.

. (AUTHENTICATION_FAILED) (version 24.1.8.22 (official build)) (for url http://localhost:8123)
Traceback (most recent call last):

> File "/home/krish/NSE_pulse/scripts/load_clickhouse.py", line 121, in <module>
    once()
    └ <function once at 0x7f79ad22b5e0>

  File "/home/krish/NSE_pulse/scripts/load_clickhouse.py", line 43, in once
    client = clickhouse_connect.get_client(
             │                  └ <function create_client at 0x7f79abbc5b10>
             └ <module 'clickhouse_connect' from '/home/krish/NSE_pulse/.venv/lib64/python3.14/site-packages/clickhouse_connect/__init__.py'>

  File "/home/krish/NSE_pulse/.venv/lib64/python3.14/site-packages/clickhouse_connect/driver/__init__.py", line 223, in create_client
    return HttpClient(
           └ <class 'clickhouse_connect.driver.httpclient.HttpClient'>
  File "/home/krish/NSE_pulse/.venv/lib64/python3.14/site-packages/clickhouse_connect/driver/httpclient.py", line 216, in __init__
    super().__init__(
  File "/home/krish/NSE_pulse/.venv/lib64/python3.14/site-packages/clickhouse_connect/driver/client.py", line 192, in __init__
    self._init_common_settings(resolved_tz_source)
    │    │                     └ 'auto'
    │    └ <function Client._init_common_settings at 0x7f79ac1b6400>
    └ <clickhouse_connect.driver.httpclient.HttpClient object at 0x7f79abc29e80>
  File "/home/krish/NSE_pulse/.venv/lib64/python3.14/site-packages/clickhouse_connect/driver/client.py", line 199, in _init_common_settings
    self.server_version, server_tz = tuple(self.command("SELECT version(), timezone()", use_database=False))
    │    │                                 │    └ <function HttpClient.command at 0x7f79abbc4670>
    │    │                                 └ <clickhouse_connect.driver.httpclient.HttpClient object at 0x7f79abc29e80>
    │    └ None
    └ <clickhouse_connect.driver.httpclient.HttpClient object at 0x7f79abc29e80>
  File "/home/krish/NSE_pulse/.venv/lib64/python3.14/site-packages/clickhouse_connect/driver/httpclient.py", line 486, in command
    response = self._raw_request(payload, params, headers, method, fields=fields, server_wait=False)
               │    │            │        │       │        │              └ None
               │    │            │        │       │        └ 'POST'
               │    │            │        │       └ {}
               │    │            │        └ {}
               │    │            └ 'SELECT version(), timezone()'
               │    └ <function HttpClient._raw_request at 0x7f79abbc4930>
               └ <clickhouse_connect.driver.httpclient.HttpClient object at 0x7f79abc29e80>
  File "/home/krish/NSE_pulse/.venv/lib64/python3.14/site-packages/clickhouse_connect/driver/httpclient.py", line 645, in _raw_request
    self._error_handler(response)
    │    │              └ <urllib3.response.HTTPResponse object at 0x7f79abf7ac80>
    │    └ <function HttpClient._error_handler at 0x7f79abbc47d0>
    └ <clickhouse_connect.driver.httpclient.HttpClient object at 0x7f79abc29e80>
  File "/home/krish/NSE_pulse/.venv/lib64/python3.14/site-packages/clickhouse_connect/driver/httpclient.py", line 537, in _error_handler
    raise err_type(err_str, code=code, name=name) from None
          │        │             │          └ 'AUTHENTICATION_FAILED'
          │        │             └ 516
          │        └ 'Received ClickHouse exception, code: 516, server response: Code: 516. DB::Exception: default: Authentication failed: passwor...
          └ <class 'clickhouse_connect.driver.exceptions.DatabaseError'>

clickhouse_connect.driver.exceptions.DatabaseError: Received ClickHouse exception, code: 516, server response: Code: 516. DB::Exception: default: Authentication failed: password is incorrect, or there is no user with such name.

If you have installed ClickHouse and forgot password you can reset it in the configuration file.
The password for default user is typically located at /etc/clickhouse-server/users.d/default-password.xml
and deleting this file will reset the password.
See also /etc/clickhouse-server/users.xml on the server where ClickHouse is installed.

. (AUTHENTICATION_FAILED) (version 24.1.8.22 (official build)) (for url http://localhost:8123)
2026-07-17 04:52:00.607 | TRACE    | utility.custom_logger:<module>:20 - Trace logs
2026-07-17 04:52:00.607 | DEBUG    | utility.custom_logger:<module>:21 - Debug
2026-07-17 04:52:00.607 | INFO     | utility.custom_logger:<module>:22 - Info logs
2026-07-17 04:52:00.607 | ERROR    | utility.custom_logger:<module>:23 - Error
2026-07-17 04:52:00.607 | CRITICAL | utility.custom_logger:<module>:24 - Critical
2026-07-17 04:52:00.609 | INFO     | __main__:<module>:21 - load config from /home/krish/NSE_pulse/config.ini
2026-07-17 04:52:00.611 | INFO     | __main__:once:40 - started once
2026-07-17 04:52:00.613 | ERROR    | __main__:<module>:124 - load clickhouse failed due to an error: Received ClickHouse exception, code: 516, server response: Code: 516. DB::Exception: default: Authentication failed: password is incorrect, or there is no user with such name.

If you have installed ClickHouse and forgot password you can reset it in the configuration file.
The password for default user is typically located at /etc/clickhouse-server/users.d/default-password.xml
and deleting this file will reset the password.
See also /etc/clickhouse-server/users.xml on the server where ClickHouse is installed.

. (AUTHENTICATION_FAILED) (version 24.1.8.22 (official build)) (for url http://localhost:8123)
Traceback (most recent call last):

> File "/home/krish/NSE_pulse/scripts/load_clickhouse.py", line 121, in <module>
    once()
    └ <function once at 0x7ffbbdc2b5e0>

  File "/home/krish/NSE_pulse/scripts/load_clickhouse.py", line 43, in once
    client = clickhouse_connect.get_client(
             │                  └ <function create_client at 0x7ffbbc54da60>
             └ <module 'clickhouse_connect' from '/home/krish/NSE_pulse/.venv/lib64/python3.14/site-packages/clickhouse_connect/__init__.py'>

  File "/home/krish/NSE_pulse/.venv/lib64/python3.14/site-packages/clickhouse_connect/driver/__init__.py", line 223, in create_client
    return HttpClient(
           └ <class 'clickhouse_connect.driver.httpclient.HttpClient'>
  File "/home/krish/NSE_pulse/.venv/lib64/python3.14/site-packages/clickhouse_connect/driver/httpclient.py", line 216, in __init__
    super().__init__(
  File "/home/krish/NSE_pulse/.venv/lib64/python3.14/site-packages/clickhouse_connect/driver/client.py", line 192, in __init__
    self._init_common_settings(resolved_tz_source)
    │    │                     └ 'auto'
    │    └ <function Client._init_common_settings at 0x7ffbbcb6e350>
    └ <clickhouse_connect.driver.httpclient.HttpClient object at 0x7ffbbc5a9e80>
  File "/home/krish/NSE_pulse/.venv/lib64/python3.14/site-packages/clickhouse_connect/driver/client.py", line 199, in _init_common_settings
    self.server_version, server_tz = tuple(self.command("SELECT version(), timezone()", use_database=False))
    │    │                                 │    └ <function HttpClient.command at 0x7ffbbc54c5c0>
    │    │                                 └ <clickhouse_connect.driver.httpclient.HttpClient object at 0x7ffbbc5a9e80>
    │    └ None
    └ <clickhouse_connect.driver.httpclient.HttpClient object at 0x7ffbbc5a9e80>
  File "/home/krish/NSE_pulse/.venv/lib64/python3.14/site-packages/clickhouse_connect/driver/httpclient.py", line 486, in command
    response = self._raw_request(payload, params, headers, method, fields=fields, server_wait=False)
               │    │            │        │       │        │              └ None
               │    │            │        │       │        └ 'POST'
               │    │            │        │       └ {}
               │    │            │        └ {}
               │    │            └ 'SELECT version(), timezone()'
               │    └ <function HttpClient._raw_request at 0x7ffbbc54c880>
               └ <clickhouse_connect.driver.httpclient.HttpClient object at 0x7ffbbc5a9e80>
  File "/home/krish/NSE_pulse/.venv/lib64/python3.14/site-packages/clickhouse_connect/driver/httpclient.py", line 645, in _raw_request
    self._error_handler(response)
    │    │              └ <urllib3.response.HTTPResponse object at 0x7ffbbc580e20>
    │    └ <function HttpClient._error_handler at 0x7ffbbc54c720>
    └ <clickhouse_connect.driver.httpclient.HttpClient object at 0x7ffbbc5a9e80>
  File "/home/krish/NSE_pulse/.venv/lib64/python3.14/site-packages/clickhouse_connect/driver/httpclient.py", line 537, in _error_handler
    raise err_type(err_str, code=code, name=name) from None
          │        │             │          └ 'AUTHENTICATION_FAILED'
          │        │             └ 516
          │        └ 'Received ClickHouse exception, code: 516, server response: Code: 516. DB::Exception: default: Authentication failed: passwor...
          └ <class 'clickhouse_connect.driver.exceptions.DatabaseError'>

clickhouse_connect.driver.exceptions.DatabaseError: Received ClickHouse exception, code: 516, server response: Code: 516. DB::Exception: default: Authentication failed: password is incorrect, or there is no user with such name.

If you have installed ClickHouse and forgot password you can reset it in the configuration file.
The password for default user is typically located at /etc/clickhouse-server/users.d/default-password.xml
and deleting this file will reset the password.
See also /etc/clickhouse-server/users.xml on the server where ClickHouse is installed.

. (AUTHENTICATION_FAILED) (version 24.1.8.22 (official build)) (for url http://localhost:8123)
2026-07-17 04:53:56.786 | TRACE    | utility.custom_logger:<module>:20 - Trace logs
2026-07-17 04:53:56.786 | DEBUG    | utility.custom_logger:<module>:21 - Debug
2026-07-17 04:53:56.786 | INFO     | utility.custom_logger:<module>:22 - Info logs
2026-07-17 04:53:56.786 | ERROR    | utility.custom_logger:<module>:23 - Error
2026-07-17 04:53:56.786 | CRITICAL | utility.custom_logger:<module>:24 - Critical
2026-07-17 04:53:56.787 | INFO     | __main__:<module>:21 - load config from /home/krish/NSE_pulse/config.ini
2026-07-17 04:53:56.789 | INFO     | __main__:once:40 - started once
2026-07-17 04:53:56.839 | INFO     | __main__:once:84 - ended once
2026-07-17 04:53:56.840 | INFO     | __main__:<module>:122 - load_clickhuose successfull.
2026-07-17 22:39:15.085 | TRACE    | utility.custom_logger:<module>:20 - Trace logs
2026-07-17 22:39:15.085 | DEBUG    | utility.custom_logger:<module>:21 - Debug
2026-07-17 22:39:15.085 | INFO     | utility.custom_logger:<module>:22 - Info logs
2026-07-17 22:39:15.085 | ERROR    | utility.custom_logger:<module>:23 - Error
2026-07-17 22:39:15.085 | CRITICAL | utility.custom_logger:<module>:24 - Critical
2026-07-17 22:39:15.086 | INFO     | __main__:<module>:40 - found 83 tickers
2026-07-17 22:39:15.086 | INFO     | __main__:one_time_load:75 - started one_time_load
2026-07-17 22:39:15.086 | INFO     | __main__:data_from_yfinance:44 - started ingest function
2026-07-17 22:39:35.894 | INFO     | __main__:data_from_yfinance:50 - empty TMLCV.NS
2026-07-17 22:39:49.899 | INFO     | __main__:data_from_yfinance:50 - empty HG=F
2026-07-17 22:40:00.475 | INFO     | __main__:data_from_yfinance:70 - data got (108461, 10)
2026-07-17 22:40:00.475 | INFO     | __main__:<module>:89 -  ingestion successful.
